// Jest Snapshot v1, https://goo.gl/fbAQLP

exports[`mockStoreContext Should create Store entry correctly 1`] = `
Object {
  "StoreClass": [Function],
  "name": "SomeStore",
  "store": SomeStore {
    "context": StoreContext {
      "animateId": -1,
      "batch": [Function],
      "dispatchChange": [Function],
      "enqueueToUpdate": [Function],
      "updateQueue": Set {},
    },
    "listeners": Object {},
    "requestId": null,
    "state": Object {
      "state": "mock",
    },
  },
}
`;
